[backblue.gif]
[fade.gif]
[index.html]
[gmpg.org/xfn/11.html]
[fonts.googleapis.com/index.html]
[www.autbank.com.br/wp-includes/js/jquery/jqueryb8ffb8ff.js]
[www.autbank.com.br/wp-includes/js/jquery/jquery-migrate.min330a330a.js]
[www.autbank.com.br/wp-includes/wlwmanifest.xml]
[www.autbank.com.br/index-2.html]
[www.autbank.com.br/wp-json/oembed/1.0/embed49114911.json]
[www.autbank.com.br/wp-content/uploads/2016/09/logo-fundo-transparente-03.png]
[www.autbank.com.br/wp-content/uploads/2017/04/spi-03.gif]
[www.autbank.com.br/wp-content/uploads/2016/10/institucional-03.jpg]
[autbank.gupy.io/index.html]
[www.autbank.com.br/wp-content/uploads/2016/11/valores-01.jpg]
[www.autbank.com.br/wp-content/uploads/2017/04/mobile-main-slide.jpg]
[www.autbank.com.br/wp-content/uploads/2016/11/PSTI-01.jpg]
[www.autbank.com.br/wp-content/uploads/2016/11/RCP-01.jpg]
[www.autbank.com.br/wp-content/uploads/2016/12/icone-28-anos-04.png]
[www.autbank.com.br/wp-content/uploads/2016/12/icone-200-colaboradores-04.png]
[www.autbank.com.br/wp-content/uploads/2016/12/icone-85-clientes-04.png]
[www.autbank.com.br/wp-content/uploads/2016/11/main.jpg]
[www.autbank.com.br/wp-content/plugins/responsive-image-maps/jquery.rwdImageMaps.min7ef27ef2.js]
[www.autbank.com.br/wp-content/themes/enliven/js/skip-link-focus-fix08e008e0.js]
[www.autbank.com.br/wp-content/themes/enliven/js/scrollreveal.min1c9b1c9b.js]
[www.autbank.com.br/wp-content/themes/enliven/js/scripts1c9b1c9b.js]
[www.autbank.com.br/wp-content/themes/enliven/assets/flexslider/jquery.flexslider-min1c9b1c9b.js]
[www.autbank.com.br/wp-content/themes/enliven/assets/flexslider/flex-custom1c9b1c9b.js]
[www.autbank.com.br/wp-content/themes/enliven/js/navigation11a811a8.js]
[www.autbank.com.br/wp-includes/js/wp-embed.min1c9b1c9b.js]
[www.autbank.com.br/index.html]
[gmpg.org/xfn/default.css]
[gmpg.org/xfn/.html]
[gmpg.org/xfn/intro.html]
[gmpg.org/xfn/faq.html]
[gmpg.org/xfn/thanks.html]
[gmpg.org/xfn/11.html]
[www.autbank.com.br/xmlrpc.html]
[fonts.googleapis.com/index.html]
[s.w.org/index.html]
[www.autbank.com.br/feed/index.html]
[www.autbank.com.br/comments/feed/index.html]
[www.autbank.com.br/wp-content/plugins/breadcrumb/assets/front/css/style1c9b1c9b.css]
[www.autbank.com.br/wp-content/themes/enliven/assets/bootstrap/css/bootstrap46df46df.css]
[www.autbank.com.br/wp-content/themes/enliven/assets/font-awesome/fonts/fontawesome-webfont5b625b62.eot]
[www.autbank.com.br/wp-content/themes/enliven/assets/font-awesome/fonts/fontawesome-webfontd41dd41d.eot]
[www.autbank.com.br/wp-content/themes/enliven/assets/font-awesome/fonts/fontawesome-webfont5b625b62.woff]
[www.autbank.com.br/wp-content/themes/enliven/assets/font-awesome/fonts/fontawesome-webfont5b625b62.ttf]
[www.autbank.com.br/wp-content/themes/enliven/assets/font-awesome/css/font-awesome.min46984698.css]
[www.autbank.com.br/wp-content/uploads/font-organizer/Quote.ttf]
[www.autbank.com.br/wp-content/uploads/font-organizer/OpenSans-Bold.ttf]
[www.autbank.com.br/wp-content/uploads/font-organizer/OpenSans-Regular.ttf]
[www.autbank.com.br/wp-content/uploads/font-organizer/OpenSans-Semibold.ttf]
[www.autbank.com.br/wp-content/themes/enliven/style1c9b1c9b.css]
[www.autbank.com.br/wp-content/themes/enliven/assets/flexslider/flexslider1c9b1c9b.css]
[fonts.googleapis.com/css1156.css]
[www.autbank.com.br/wp-json/index.html]
[www.autbank.com.br/index-2.html]
[www.autbank.com.br/wp-json/oembed/1.0/embed9c529c52.html]
[www.autbank.com.br/wp-json/oembed/1.0/embed874f874f.json]
[www.autbank.com.br/wp-content/uploads/2016/11/cabecalho-quem-somos-03.jpg]
[www.autbank.com.br/quem-somos/index.html]
[www.autbank.com.br/wp-json/oembed/1.0/embedc76fc76f.json]
[www.autbank.com.br/wp-content/uploads/2016/10/cabecalho-05.jpg]
[www.autbank.com.br/wp-content/uploads/2016/11/main-over-contascorrentes.jpg]
[www.autbank.com.br/wp-content/uploads/2016/11/main-over-investimentos.jpg]
[www.autbank.com.br/wp-content/uploads/2016/11/main-over-emprestimos.jpg]
[www.autbank.com.br/wp-content/uploads/2016/11/main-over-controladoria.jpg]
[www.autbank.com.br/wp-content/uploads/2016/11/main-over-recebiveis.jpg]
[www.autbank.com.br/wp-content/uploads/2016/11/main-over-riscos.jpg]
[www.autbank.com.br/wp-content/uploads/2016/11/main-over-cadastro.jpg]
[www.autbank.com.br/wp-content/uploads/2016/11/main-over-canais.jpg]
[www.autbank.com.br/wp-content/uploads/2016/11/main-over-spb.jpg]
[www.autbank.com.br/solucoes/index.html]
[download.autbank.com.br/comunicados/area-clientes.html]
[cdn.cookielaw.org/consent/4528aece-e0d6-41e5-a351-00f60c07689d/OtAutoBlock.js]
[cdn.cookielaw.org/scripttemplates/otSDKStub.js]
[autbank.gupy.io/statics/assets/favicon/favicon.ico]
[autbank.gupy.io/statics/assets/favicon/favicon-32x32.png]
[autbank.gupy.io/statics/assets/favicon/favicon-16x16.png]
[autbank.gupy.io/_next/static/css/bde5ed4e0f58f98d.css]
[autbank.gupy.io/_next/static/css/992d71d3e418001c.css]
[autbank.gupy.io/_next/static/chunks/polyfills-5cd94c89d3acac5f.js]
[autbank.gupy.io/_next/static/chunks/webpack-720fd7498864ac00.js]
[autbank.gupy.io/_next/static/chunks/framework-5f4595e5518b5600.js]
[autbank.gupy.io/_next/static/chunks/main-51819558574a1023.js]
[autbank.gupy.io/_next/static/chunks/c16184b3-bcd1be78c9560714.js]
[autbank.gupy.io/_next/static/chunks/pages/_app-c0b1ab2f34187cce.js]
[autbank.gupy.io/_next/static/chunks/36a89214-c484c7240d437af5.js]
[autbank.gupy.io/_next/static/chunks/2cca2479-cea73a0827e71173.js]
[autbank.gupy.io/_next/static/chunks/75fc9c18-e61c2e0d9c9a0957.js]
[autbank.gupy.io/_next/static/chunks/11-286a7d65ce083ab9.js]
[autbank.gupy.io/_next/static/chunks/675-0079ab64284695c7.js]
[autbank.gupy.io/_next/static/chunks/447-8061f37229b3c2b8.js]
[autbank.gupy.io/_next/static/chunks/215-59505bea15378b02.js]
[autbank.gupy.io/_next/static/chunks/145-e6edaa74c49ddcbe.js]
[autbank.gupy.io/_next/static/chunks/pages/index-cf9708ce320aa649.js]
[autbank.gupy.io/_next/static/pKkm5P_Z0XX24zobplPdQ/_buildManifest.js]
[autbank.gupy.io/_next/static/pKkm5P_Z0XX24zobplPdQ/_ssgManifest.js]
[autbank.gupy.io/_next/static/pKkm5P_Z0XX24zobplPdQ/_middlewareManifest.js]
[s3.amazonaws.com/gupy5/production/companies/36239/career/77395/images/2022-06-24_18-28_institutionalImage1.jpg]
[s3.amazonaws.com/gupy5/production/companies/36239/career/77395/images/2022-06-24_18-28_institutionalImage2.jpg]
[s3.amazonaws.com/gupy5/production/companies/36239/career/77395/images/2022-06-24_18-28_institutionalImage3.jpg]
[autbank.gupy.io/candidates.html]
[s3.amazonaws.com/gupy5/production/companies/36239/career/77395/images/2022-07-27_20-09_mainImage.png]
[s3.amazonaws.com/gupy5/production/companies/36239/career/77395/images/2022-06-24_18-28_logo.png]
[autbank.gupy.io/job/eyJzb3VyY2UiOiJndXB5X3B1YmxpY19wYWdlIiwiam9iSWQiOjQ2MDI5MjJ998ef.html]
[autbank.gupy.io/job/eyJzb3VyY2UiOiJndXB5X3B1YmxpY19wYWdlIiwiam9iSWQiOjI2NjAyNzF998ef.html]
[autbank.gupy.io/job/eyJzb3VyY2UiOiJndXB5X3B1YmxpY19wYWdlIiwiam9iSWQiOjQ1ODQyOTZ998ef.html]
[autbank.gupy.io/job/eyJzb3VyY2UiOiJndXB5X3B1YmxpY19wYWdlIiwiam9iSWQiOjQ2MDM5NjZ998ef.html]
[autbank.gupy.io/job/eyJzb3VyY2UiOiJndXB5X3B1YmxpY19wYWdlIiwiam9iSWQiOjQyOTQ2OTl998ef.html]
[autbank.gupy.io/job/eyJzb3VyY2UiOiJndXB5X3B1YmxpY19wYWdlIiwiam9iSWQiOjQyOTQ4Njl998ef.html]
[autbank.gupy.io/index.html]
[www.autbank.com.br/spi/index.html]
[autbank.gupy.io/job/eyJzb3VyY2UiOiJndXB5X3B1YmxpY19wYWdlIiwiam9iSWQiOjQyOTQ2MjN998ef.html]
[www.autbank.com.br/wp-json/oembed/1.0/embed8b708b70.json]
[www.autbank.com.br/wp-content/uploads/2016/11/cabecalho-psti-01.jpg]
[www.autbank.com.br/psti/index.html]
[www.autbank.com.br/wp-json/oembed/1.0/embed8c1b8c1b.json]
[www.autbank.com.br/wp-content/uploads/2016/11/cabecalho-rcp-01.jpg]
[www.autbank.com.br/recebiveis-de-cartoes/index.html]
[gmpg.org/xfn/default.css]
[gmpg.org/xfn/join.html]
[gmpg.org/xfn/index.html]
[gmpg.org/xfn/background.html]
[gmpg.org/xfn/tools.html]
[gmpg.org/xfn/helping]
[gmpg.org/xfn/and/index.html]
[gmpg.org/xfn/feedback.html]
[gmpg.org/xfn/creator.html]
[gmpg.org/xfn/more.html]
[gmpg.org/xfn/press.html]
[gmpg.org/xfn/index-2.html]
[gmpg.org/xfn/.html]
[gmpg.org/xfn/pix/intro/five-met.gif]
[gmpg.org/xfn/pix/intro/five-acqfr.gif]
[gmpg.org/xfn/pix/intro/five-prof.gif]
[gmpg.org/xfn/pix/intro/five-lovefam.gif]
[gmpg.org/xfn/intro.html]
[gmpg.org/xfn/faq.html]
[gmpg.org/xfn/thanks.html]
[www.autbank.com.br/wp-content/themes/enliven/assets/bootstrap/fonts/glyphicons-halflings-regular.html]
[www.autbank.com.br/wp-content/themes/enliven/assets/bootstrap/fonts/glyphicons-halflings-regulard41dd41d.html]
[www.autbank.com.br/wp-content/themes/enliven/assets/bootstrap/fonts/glyphicons-halflings-regular-2.html]
[www.autbank.com.br/wp-content/themes/enliven/assets/bootstrap/fonts/glyphicons-halflings-regular-3.html]
[www.autbank.com.br/wp-content/themes/enliven/assets/bootstrap/fonts/glyphicons-halflings-regular-4.html]
[www.autbank.com.br/wp-content/themes/enliven/assets/bootstrap/fonts/glyphicons-halflings-regular-5.html]
[www.autbank.com.br/wp-content/themes/enliven/assets/font-awesome/fonts/fontawesome-webfont5b625b62.html]
[www.autbank.com.br/wp-content/themes/enliven/assets/font-awesome/fonts/fontawesome-webfont5b625b62.svg]
[www.autbank.com.br/wp-content/themes/enliven/images/dotted-line.html]
[www.autbank.com.br/index261b261b.html]
[www.autbank.com.br/wp-json/oembed/1.0/embed30143014.html]
[www.autbank.com.br/index48fd48fd.html]
[www.autbank.com.br/wp-json/oembed/1.0/embedfa5cfa5c.html]
[www.autbank.com.br/wp-json/oembed/1.0/embed705e705e.json]
[www.autbank.com.br/wp-content/uploads/2016/09/logo-branco-01.png]
[www.autbank.com.br/wp-content/uploads/2017/01/main-contascorrentes.jpg]
[www.autbank.com.br/wp-content/uploads/2016/11/main-contascorrentes-convenios.jpg]
[www.autbank.com.br/wp-content/uploads/2017/01/main-contascorrentes-gerenciadorcompe.jpg]
[www.autbank.com.br/wp-content/uploads/2016/11/main-contascorrentes-chequeespecial.jpg]
[www.autbank.com.br/wp-content/uploads/2017/01/main-contascorrentes-contascorrentes.jpg]
[www.autbank.com.br/wp-content/uploads/2016/11/main-contascorrentes-terminalcaixa.jpg]
[www.autbank.com.br/wp-content/uploads/2016/11/main-contascorrentes-frontend.jpg]
[www.autbank.com.br/solucoes/contas-correntes-e-recebiveis/index.html]
[www.autbank.com.br/wp-json/oembed/1.0/embed6f846f84.json]
[www.autbank.com.br/wp-content/uploads/2016/11/main-investimentos.jpg]
[www.autbank.com.br/wp-content/uploads/2016/11/main-investimentos-swap.jpg]
[www.autbank.com.br/wp-content/uploads/2016/11/main-investimentos-bolsa.jpg]
[www.autbank.com.br/wp-content/uploads/2016/11/main-investimentos-mesa.jpg]
[www.autbank.com.br/wp-content/uploads/2016/11/main-investimentos-rendafixa.jpg]
[www.autbank.com.br/wp-content/uploads/2016/11/main-investimentos-controle.jpg]
[www.autbank.com.br/solucoes/investimentos-e-captacoes/index.html]
[www.autbank.com.br/wp-json/oembed/1.0/embed3fb53fb5.json]
[www.autbank.com.br/wp-content/uploads/2016/11/main-emprestimos.jpg]
[www.autbank.com.br/wp-content/uploads/2016/11/main-emprestimos-emprestimos.jpg]
[www.autbank.com.br/wp-content/uploads/2016/11/main-emprestimos-financiamentos.jpg]
[www.autbank.com.br/wp-content/uploads/2016/11/main-emprestimos-fianca.jpg]
[www.autbank.com.br/wp-content/uploads/2016/11/main-emprestimos-bndes.jpg]
[www.autbank.com.br/wp-content/uploads/2016/11/main-emprestimos-leasingoperacional.jpg]
[www.autbank.com.br/wp-content/uploads/2016/11/main-emprestimos-leasingfinanceiro.jpg]
[www.autbank.com.br/wp-content/uploads/2016/11/main-emprestimos-over-gestaoapoio.jpg]
[www.autbank.com.br/wp-content/uploads/2016/11/main-emprestimos-gestaogarantias.jpg]
[www.autbank.com.br/wp-content/uploads/2016/11/main-emprestimos-floorplan.jpg]
[www.autbank.com.br/solucoes/emprestimos-e-financiamentos/index.html]
[www.autbank.com.br/wp-json/oembed/1.0/embed78d278d2.json]
[www.autbank.com.br/wp-content/uploads/2016/11/main-controladoria.jpg]
[www.autbank.com.br/wp-content/uploads/2016/11/main-controladoria-over-regfiscal.jpg]
[www.autbank.com.br/wp-content/uploads/2016/11/main-controladoria-ifrs.jpg]
[www.autbank.com.br/wp-content/uploads/2016/11/main-controladoria-contabilidadeorcamentaria.jpg]
[www.autbank.com.br/wp-content/uploads/2016/11/main-controladoria-contabilidade.jpg]
[www.autbank.com.br/solucoes/controladoria/index.html]
[www.autbank.com.br/wp-json/oembed/1.0/embed4b734b73.json]
[www.autbank.com.br/wp-content/uploads/2017/01/main-recebiveis.jpg]
[www.autbank.com.br/wp-content/uploads/2017/01/main-recebiveis-cobrancatitulos.jpg]
[www.autbank.com.br/wp-content/uploads/2017/01/main-recebiveis-ddamensageria.jpg]
[www.autbank.com.br/wp-content/uploads/2017/01/main-recebiveis-gerenciadordda.jpg]
[www.autbank.com.br/wp-content/uploads/2017/01/main-recebiveis-recebiveiscartoes.jpg]
[www.autbank.com.br/wp-content/uploads/2017/01/main-recebiveis-descontorecebiveis.jpg]
[www.autbank.com.br/wp-content/uploads/2017/01/main-recebiveis-descontocheques.jpg]
[www.autbank.com.br/wp-content/uploads/2017/01/main-recebiveis-custodiacheques.jpg]
[www.autbank.com.br/wp-content/uploads/2017/01/main-recebiveis-descontotitulos.jpg]
[www.autbank.com.br/solucoes/recebiveis/index.html]
[www.autbank.com.br/wp-json/oembed/1.0/embed34df34df.json]
[www.autbank.com.br/wp-content/uploads/2017/01/main-riscos.jpg]
[www.autbank.com.br/wp-content/uploads/2017/01/main-riscos-basileia.jpg]
[www.autbank.com.br/wp-content/uploads/2017/01/main-riscos-riscocredito.jpg]
[www.autbank.com.br/wp-content/uploads/2017/01/main-riscos-over-compliance.jpg]
[www.autbank.com.br/wp-content/uploads/2017/01/main-riscos-gestaocapital.jpg]
[www.autbank.com.br/wp-content/uploads/2017/01/main-riscos-taxasmedias.jpg]
[www.autbank.com.br/wp-content/uploads/2017/01/main-riscos-riscoliquidez.jpg]
[www.autbank.com.br/wp-content/uploads/2016/11/main-riscos-riscomercado.jpg]
[www.autbank.com.br/solucoes/riscos-e-compliance/index.html]
[www.autbank.com.br/wp-json/oembed/1.0/embed946b946b.json]
[www.autbank.com.br/wp-content/uploads/2016/11/main-cadastro.jpg]
[www.autbank.com.br/wp-content/uploads/2016/11/main-cadastro-workflow.jpg]
[www.autbank.com.br/wp-content/uploads/2016/11/main-cadastro-controleacesso.jpg]
[www.autbank.com.br/wp-content/uploads/2016/11/main-cadastro-firmas.jpg]
[www.autbank.com.br/wp-content/uploads/2016/11/main-cadastro-cadastro.jpg]
[www.autbank.com.br/wp-content/uploads/2016/11/main-cadastro-over-regulatorios.jpg]
[www.autbank.com.br/wp-content/uploads/2016/11/main-cadastro-ged.jpg]
[www.autbank.com.br/solucoes/cadastro-corporativo/index.html]
[www.autbank.com.br/wp-json/oembed/1.0/embed8c228c22.json]
[www.autbank.com.br/wp-content/uploads/2016/11/main-canais.jpg]
[www.autbank.com.br/wp-content/uploads/2016/11/main-canais-contadigital.jpg]
[www.autbank.com.br/wp-content/uploads/2016/11/main-canais-terminal.jpg]
[www.autbank.com.br/wp-content/uploads/2016/11/main-canais-mobilebank.jpg]
[www.autbank.com.br/wp-content/uploads/2016/11/main-canais-internetbanking.jpg]
[www.autbank.com.br/solucoes/canais-de-atendimento/index.html]
[www.autbank.com.br/wp-json/oembed/1.0/embed33ca33ca.json]
[www.autbank.com.br/wp-content/uploads/2016/11/main-spb.jpg]
[www.autbank.com.br/wp-content/uploads/2016/11/main-spb-contaspagar.jpg]
[www.autbank.com.br/wp-content/uploads/2016/11/main-spb-tesouraria.jpg]
[www.autbank.com.br/wp-content/uploads/2016/11/main-spb-gestaocaixa.jpg]
[www.autbank.com.br/wp-content/uploads/2016/11/main-spb-pilotoreserva.jpg]
[www.autbank.com.br/wp-content/uploads/2016/11/main-spb-gestaocontratos.jpg]
[www.autbank.com.br/wp-content/uploads/2016/11/main-spb-mensageria.jpg]
[www.autbank.com.br/solucoes/spb-e-financeiros/index.html]
[www.google-analytics.com/analytics.js]
[app.getbeamer.com/js/beamer-embed.10e.delayed]
[js.hs-analytics.net/analytics/1652394000000/3299491.js]
[js.hs-analytics.net/analytics/1652388900000/3299491.js]
[cdn.cookielaw.org/consent/4528aece-e0d6-41e5-a351-00f60c07689d/OtAutoBlock.js]
[autbank.gupy.io/statics/assets/favicon/favicon.html]
[autbank.gupy.io/_next/static/css/bde5ed4e0f58f98d.css]
[autbank.gupy.io/_next/static/css/992d71d3e418001c.css]
[js.hs-banner.com/3299491.js]
[plugin.handtalk.me/web/latest/handtalk.min.js]
[autbank.gupy.io/companies/images/new-favicon/apple-touch-icon5e1f.png]
[autbank.gupy.io/companies/images/new-favicon/favicon-32x325e1f.png]
[autbank.gupy.io/companies/images/new-favicon/favicon-16x165e1f.png]
[gupy.gupy.io/candidates/static/css/2.b4a14115.chunk.css]
[cdn.polyfill.io/v2/polyfill.min618a.js]
[gupy.gupy.io/candidates/static/css/main.2d2b1084.chunk.css]
[connect.facebook.net/pt_BR/sdk.js]
[autbank.gupy.io/candidates.html]
[gupy.gupy.io/candidates/static/js/2.b4a163e0.chunk.js]
[gupy.gupy.io/candidates/static/js/main.690eb327.chunk.js]
[autbank.gupy.io/job/eyJqb2JJZCI6NDYwMjkyMiwic291cmNlIjoiZ3VweV9wdWJsaWNfcGFnZSJ998ef.html]
[autbank.gupy.io/_next/static/chunks/2852872c-3e64d4dab59ee9d0.js]
[autbank.gupy.io/_next/static/chunks/373-f3da167918037e22.js]
[autbank.gupy.io/_next/static/chunks/493-d414b61867b201e2.js]
[autbank.gupy.io/_next/static/chunks/pages/job/[hash]-c4784ee5db3d7188.js]
[autbank.gupy.io/candidates/jobs/4602922/apply98ef.html]
[autbank.gupy.io/job/eyJzb3VyY2UiOiJndXB5X3B1YmxpY19wYWdlIiwiam9iSWQiOjQ2MDI5MjJ998ef.html]
[autbank.gupy.io/images/accessibility.svg]
[autbank.gupy.io/job/eyJqb2JJZCI6MjY2MDI3MSwic291cmNlIjoiZ3VweV9wdWJsaWNfcGFnZSJ998ef.html]
[autbank.gupy.io/candidates/jobs/2660271/apply98ef.html]
[autbank.gupy.io/job/eyJzb3VyY2UiOiJndXB5X3B1YmxpY19wYWdlIiwiam9iSWQiOjI2NjAyNzF998ef.html]
[autbank.gupy.io/job/eyJqb2JJZCI6NDU4NDI5Niwic291cmNlIjoiZ3VweV9wdWJsaWNfcGFnZSJ998ef.html]
[autbank.gupy.io/candidates/jobs/4584296/apply98ef.html]
[autbank.gupy.io/job/eyJzb3VyY2UiOiJndXB5X3B1YmxpY19wYWdlIiwiam9iSWQiOjQ1ODQyOTZ998ef.html]
[autbank.gupy.io/job/eyJqb2JJZCI6NDYwMzk2Niwic291cmNlIjoiZ3VweV9wdWJsaWNfcGFnZSJ998ef.html]
[autbank.gupy.io/job/eyJzb3VyY2UiOiJndXB5X3B1YmxpY19wYWdlIiwiam9iSWQiOjQ2MDM5NjZ998ef.html]
[autbank.gupy.io/candidates/jobs/4603966/apply98ef.html]
[autbank.gupy.io/job/eyJqb2JJZCI6NDI5NDY5OSwic291cmNlIjoiZ3VweV9wdWJsaWNfcGFnZSJ998ef.html]
[autbank.gupy.io/job/eyJzb3VyY2UiOiJndXB5X3B1YmxpY19wYWdlIiwiam9iSWQiOjQyOTQ2OTl998ef.html]
[autbank.gupy.io/candidates/jobs/4294699/apply98ef.html]
[autbank.gupy.io/job/eyJqb2JJZCI6NDI5NDg2OSwic291cmNlIjoiZ3VweV9wdWJsaWNfcGFnZSJ998ef.html]
[autbank.gupy.io/job/eyJzb3VyY2UiOiJndXB5X3B1YmxpY19wYWdlIiwiam9iSWQiOjQyOTQ4Njl998ef.html]
[autbank.gupy.io/candidates/jobs/4294869/apply98ef.html]
[autbank.gupy.io/job/eyJqb2JJZCI6NDI5NDYyMywic291cmNlIjoiZ3VweV9wdWJsaWNfcGFnZSJ998ef.html]
[autbank.gupy.io/job/eyJzb3VyY2UiOiJndXB5X3B1YmxpY19wYWdlIiwiam9iSWQiOjQyOTQ2MjN998ef.html]
[www.autbank.com.br/index51925192.html]
[www.autbank.com.br/wp-json/oembed/1.0/embed89ae89ae.html]
[www.autbank.com.br/index5dce5dce.html]
[www.autbank.com.br/wp-json/oembed/1.0/embedb196b196.html]
[gmpg.org/xfn/index.html]
[autbank.gupy.io/candidates/jobs/4294623/apply98ef.html]
[gmpg.org/xfn/1.html]
[gmpg.org/xfn/xfn-btn.gif]
[gmpg.org/xfn/join.html]
[gmpg.org/xfn/background.html]
[gmpg.org/xfn/creator-fr.html]
[gmpg.org/xfn/creator-it.html]
[gmpg.org/xfn/creator-es.html]
[gmpg.org/xfn/creator-nl.html]
[gmpg.org/xfn/creator-cs.html]
[gmpg.org/xfn/creator-ja.html]
[gmpg.org/xfn/tools.html]
[gmpg.org/xfn/pix/mememememe.png]
[gmpg.org/xfn/and/foaf.html]
[gmpg.org/xfn/and/index-2.html]
[gmpg.org/xfn/and/index.html]
[gmpg.org/xfn/helping.html]
[gmpg.org/xfn/feedback.html]
[gmpg.org/xfn/creator.html]
[gmpg.org/xfn/xfn-mini.gif]
[gmpg.org/xfn/more.html]
[gmpg.org/xfn/press.html]
[gmpg.org/xfn/index-2.html]
[www.autbank.com.br/wordpress/xmlrpc.html]
[www.autbank.com.br/wordpress/feed/index.html]
[www.autbank.com.br/wordpress/comments/feed/index.html]
[www.autbank.com.br/wordpress/wp-content/plugins/breadcrumb/assets/front/css/style1c9b.html]
[www.autbank.com.br/wordpress/wp-content/themes/enliven/assets/bootstrap/css/bootstrap46df.html]
[www.autbank.com.br/wordpress/wp-content/themes/enliven/assets/font-awesome/css/font-awesome.min4698.html]
[www.autbank.com.br/wordpress/wp-content/themes/enliven/style1c9b.html]
[www.autbank.com.br/wordpress/wp-content/themes/enliven/assets/flexslider/flexslider1c9b.html]
[www.autbank.com.br/wordpress/wp-includes/js/jquery/jqueryb8ff.html]
[www.autbank.com.br/wordpress/wp-includes/js/jquery/jquery-migrate.min330a.html]
[www.autbank.com.br/wordpress/wp-json/index.html]
[www.autbank.com.br/wordpress/xmlrpc0db0.html]
[www.autbank.com.br/wordpress/wp-includes/wlwmanifest.html]
[www.autbank.com.br/wordpress/index.html]
[www.autbank.com.br/wordpress/quem-somos/index.html]
[www.autbank.com.br/wordpress/solucoes/index.html]
[www.autbank.com.br/wordpress/wp-content/plugins/responsive-image-maps/jquery.rwdImageMaps.min7ef2.html]
[www.autbank.com.br/wordpress/wp-content/themes/enliven/js/skip-link-focus-fix08e0.html]
[www.autbank.com.br/wordpress/wp-content/themes/enliven/js/scrollreveal.min1c9b.html]
[www.autbank.com.br/wordpress/wp-content/themes/enliven/js/scripts1c9b.html]
[www.autbank.com.br/wordpress/wp-content/themes/enliven/assets/flexslider/jquery.flexslider-min1c9b.html]
[www.autbank.com.br/wordpress/wp-content/themes/enliven/assets/flexslider/flex-custom1c9b.html]
[www.autbank.com.br/wordpress/wp-content/themes/enliven/js/navigation11a8.html]
[www.autbank.com.br/wordpress/wp-includes/js/wp-embed.min1c9b.html]
[www.autbank.com.br/xmlrpc0db00db0.html]
[www.autbank.com.br/index2fb62fb6.html]
[www.autbank.com.br/wp-json/oembed/1.0/embedeaeaeaea.html]
[www.autbank.com.br/index28a728a7.html]
[www.autbank.com.br/wp-json/oembed/1.0/embed826d826d.html]
[www.autbank.com.br/index071d071d.html]
[www.autbank.com.br/wp-json/oembed/1.0/embed0dfd0dfd.html]
[www.autbank.com.br/wp-json/oembed/1.0/embedcbd6cbd6.json]
[www.autbank.com.br/wp-content/uploads/2016/11/main-emprestimos-gestaoapoio.jpg]
[www.autbank.com.br/wp-content/uploads/2016/11/main-emprestimos-gestaoapoio-workflow.jpg]
[www.autbank.com.br/wp-content/uploads/2016/11/main-emprestimos-gestaoapoio-dealers.jpg]
[www.autbank.com.br/wp-content/uploads/2016/11/main-emprestimos-gestaoapoio-prisma.jpg]
[www.autbank.com.br/wp-content/uploads/2016/11/main-emprestimos-gestaoapoio-consultabiros.jpg]
[www.autbank.com.br/wp-content/uploads/2016/11/main-emprestimos-gestaoapoio-cessaocredito.jpg]
[www.autbank.com.br/wp-content/uploads/2016/11/main-emprestimos-gestaoapoio-cobrancavencidos.jpg]
[www.autbank.com.br/wp-content/uploads/2016/11/main-emprestimos-gestaoapoio-bndu.jpg]
[www.autbank.com.br/wp-content/uploads/2016/11/main-emprestimos-gestaoapoio-agrupamento.jpg]
[www.autbank.com.br/wp-content/uploads/2016/11/main-emprestimos-gestaoapoio-gestorcomissoes.jpg]
[www.autbank.com.br/solucoes/emprestimos-e-financiamentos/gestao-e-apoio-ao-credito/index.html]
[www.autbank.com.br/index8bcd8bcd.html]
[www.autbank.com.br/wp-json/oembed/1.0/embedab9eab9e.html]
[www.autbank.com.br/wp-json/oembed/1.0/embed14171417.json]
[www.autbank.com.br/wp-content/uploads/2017/01/main-controladoria-regfiscal.jpg]
[www.autbank.com.br/wp-content/uploads/2017/01/main-controladoria-regfiscal-cadoc.jpg]
[www.autbank.com.br/wp-content/uploads/2017/01/main-controladoria-regfiscal-compulsorios.jpg]
[www.autbank.com.br/wp-content/uploads/2017/01/main-controladoria-regfiscal-escrituracao.jpg]
[www.autbank.com.br/wp-content/uploads/2017/01/main-controladoria-regfiscal-infobc.jpg]
[www.autbank.com.br/wp-content/uploads/2017/01/main-controladoria-regfiscal-inforural.jpg]
[www.autbank.com.br/wp-content/uploads/2017/01/main-controladoria-regfiscal-efinanceira.jpg]
[www.autbank.com.br/wp-content/uploads/2017/01/main-controladoria-regfiscal-tributos.jpg]
[www.autbank.com.br/wp-content/uploads/2017/01/main-controladoria-regfiscal-dirf.jpg]
[www.autbank.com.br/solucoes/controladoria/regulatoriofiscal/index.html]
[www.autbank.com.br/index1e591e59.html]
[www.autbank.com.br/wp-json/oembed/1.0/embed94309430.html]
[www.autbank.com.br/index69176917.html]
[www.autbank.com.br/wp-json/oembed/1.0/embed1de71de7.html]
[www.autbank.com.br/solucoes/compliance-e-controles-internos/index.html]
[www.autbank.com.br/index47dc47dc.html]
[www.autbank.com.br/wp-json/oembed/1.0/embed36153615.html]
[www.autbank.com.br/solucoes/regulatorios-de-cadastro/index.html]
[www.autbank.com.br/index63ba63ba.html]
[www.autbank.com.br/wp-json/oembed/1.0/embedea0eea0e.html]
[www.autbank.com.br/indexfc9afc9a.html]
[www.autbank.com.br/wp-json/oembed/1.0/embed100c100c.html]
[www.googletagmanager.com/gtm.html]
[try.abtasty.com/82670607f96b5c94cd6b17c92208ea3a.js]
[cdn.privacytools.com.br/public_api/banner/script/bottom/xzzn613181.js]
[app.getbeamer.com/js/beamer-embed.html]
[web-socket-destaca.herokuapp.com/socket.io/socket.io.html]
[autbank.gupy.io/companies/images/new-favicon/safari-pinned-tab5e1f.svg]
[fonts.googleapis.com/icone91f.css]
[gupy.gupy.io/candidates/static/css/2.b4a14115.chunk.css]
[gupy.gupy.io/candidates/static/css/main.2d2b1084.chunk.css]
[connect.facebook.net/pt_BR/sdk.js]
[autbank.gupy.io/job/eyJqb2JJZCI6NDYwMjkyMiwic291cmNlIjoiZ3VweV9wdWJsaWNfcGFnZSJ998ef.html]
[autbank.gupy.io/candidates/jobs/4602922/apply98ef.html]
[autbank.gupy.io/images/work.svg]
[autbank.gupy.io/images/remote.svg]
[autbank.gupy.io/images/accessibility.svg]
[autbank.gupy.io/job/eyJqb2JJZCI6MjY2MDI3MSwic291cmNlIjoiZ3VweV9wdWJsaWNfcGFnZSJ998ef.html]
[autbank.gupy.io/candidates/jobs/2660271/apply98ef.html]
[autbank.gupy.io/job/eyJqb2JJZCI6NDU4NDI5Niwic291cmNlIjoiZ3VweV9wdWJsaWNfcGFnZSJ998ef.html]
[autbank.gupy.io/candidates/jobs/4584296/apply98ef.html]
[autbank.gupy.io/job/eyJqb2JJZCI6NDYwMzk2Niwic291cmNlIjoiZ3VweV9wdWJsaWNfcGFnZSJ998ef.html]
[autbank.gupy.io/candidates/jobs/4603966/apply98ef.html]
[autbank.gupy.io/job/eyJqb2JJZCI6NDI5NDY5OSwic291cmNlIjoiZ3VweV9wdWJsaWNfcGFnZSJ998ef.html]
[autbank.gupy.io/candidates/jobs/4294699/apply98ef.html]
[autbank.gupy.io/job/eyJqb2JJZCI6NDI5NDg2OSwic291cmNlIjoiZ3VweV9wdWJsaWNfcGFnZSJ998ef.html]
[autbank.gupy.io/candidates/jobs/4294869/apply98ef.html]
[autbank.gupy.io/job/eyJqb2JJZCI6NDI5NDYyMywic291cmNlIjoiZ3VweV9wdWJsaWNfcGFnZSJ998ef.html]
[autbank.gupy.io/candidates/jobs/4294623/apply98ef.html]
[gmpg.org/xfn/1.html]
[gmpg.org/xfn/creator-fr.html]
[gmpg.org/xfn/creator-it.html]
[gmpg.org/xfn/creator-es.html]
[gmpg.org/xfn/creator-nl.html]
[gmpg.org/xfn/creator-cs.html]
[gmpg.org/xfn/creator-ja.html]
[gmpg.org/xfn/and/foaf.html]
[gmpg.org/xfn/and/index-2.html]
[gmpg.org/xfn/count.css]
[www.autbank.com.br/indexd1c3d1c3.html]
[www.autbank.com.br/wp-json/oembed/1.0/embed07930793.html]
[www.autbank.com.br/index57b957b9.html]
[www.autbank.com.br/wp-json/oembed/1.0/embedfc90fc90.html]
[www.autbank.com.br/wp-json/oembed/1.0/embeda2fca2fc.json]
[www.autbank.com.br/wp-content/uploads/2016/11/main-riscos-compliance.jpg]
[www.autbank.com.br/wp-content/uploads/2016/11/main-riscos-compliance-riscooperacional.jpg]
[www.autbank.com.br/wp-content/uploads/2016/11/main-riscos-compliance-pld.jpg]
[www.autbank.com.br/wp-content/uploads/2016/11/main-riscos-compliance-trilha.jpg]
[www.autbank.com.br/wp-content/uploads/2016/11/main-riscos-compliance-gestaorisco.jpg]
[www.autbank.com.br/wp-content/uploads/2016/11/main-riscos-compliance-sta.jpg]
[www.autbank.com.br/wp-content/uploads/2016/11/main-riscos-compliance-gerenciadormensagens.jpg]
[www.autbank.com.br/wp-content/uploads/2016/11/main-riscos-compliance-fatca.jpg]
[www.autbank.com.br/solucoes/riscos-e-compliance/compliance-e-controles-internos/index.html]
[www.autbank.com.br/wp-json/oembed/1.0/embed30b430b4.json]
[www.autbank.com.br/wp-content/uploads/2017/01/main-cadastro-regulatorios.jpg]
[www.autbank.com.br/wp-content/uploads/2017/01/main-cadastro-regulatorios-bacenjud.jpg]
[www.autbank.com.br/wp-content/uploads/2017/01/main-cadastro-regulatorios-correspondente.jpg]
[www.autbank.com.br/wp-content/uploads/2017/01/main-cadastro-regulatorios-cadastropositivo.jpg]
[www.autbank.com.br/wp-content/uploads/2017/01/main-cadastro-regulatorios-ccs.jpg]
[www.autbank.com.br/solucoes/cadastro-corporativo/regulatorios-de-cadastro/index.html]
[fonts.googleapis.com/css2a52c.css]
[140.0.252.134/wordpress/wp-content/uploads/2016/09/logo-branco-01.png]
[www.autbank.com.br/indexf034f034.html]
[www.autbank.com.br/wp-json/oembed/1.0/embed5fb15fb1.html]
[www.autbank.com.br/index64356435.html]
[www.autbank.com.br/wp-json/oembed/1.0/embedcd9ecd9e.html]
[junk.metafilter.com/xfn.gif]
